== clean container check: stage-1
== 2026-10-01T20:58:29Z  docker 29.2.0
== build network: none | run network: none | cpus: 1 | memory: 512m | port: 8080 | health: /healthz
== build
#0 building with "default" instance using docker driver

#1 [internal] load build definition from Dockerfile
#1 transferring dockerfile: 158B 0.0s done
#1 DONE 0.1s

#2 [internal] load metadata for docker.io/library/python:3.11-slim
#2 ...

#3 [auth] library/python:pull token for registry-1.docker.io
#3 DONE 0.0s

#2 [internal] load metadata for docker.io/library/python:3.11-slim
#2 DONE 1.4s

#4 [internal] load .dockerignore
#4 transferring context: 2B 0.0s done
#4 DONE 0.1s

#5 [internal] load build context
#5 transferring context: 80.56kB 0.1s done
#5 DONE 0.1s

#6 [1/3] FROM docker.io/library/python:3.11-slim@sha256:e41613d42d4891e4930f79523f93f81bbc7632584ec65e36ab055f41a800b41e
#6 resolve docker.io/library/python:3.11-slim@sha256:e41613d42d4891e4930f79523f93f81bbc7632584ec65e36ab055f41a800b41e 0.0s done
#6 sha256:0526d5e29bf341cb1941d46a6d4ab64fcde4fca3dc3adccfb4dbf5728b88b61e 249B / 249B 0.1s done
#6 sha256:58abdd9670ca8c69d03432ce188995dee67f0979357caf83866fe1ef2ec37138 0B / 14.45MB 0.3s
#6 sha256:41e7217c2e506d048f89ca0c5cfef848c05ef990900627c19f99938c4aae57f8 0B / 1.29MB 0.2s
#6 sha256:6b37362b3da78869050b894b799ad4df04f1f3b52774087db0d81151570244c8 0B / 29.83MB 0.2s
#6 sha256:58abdd9670ca8c69d03432ce188995dee67f0979357caf83866fe1ef2ec37138 1.05MB / 14.45MB 0.5s
#6 sha256:58abdd9670ca8c69d03432ce188995dee67f0979357caf83866fe1ef2ec37138 3.15MB / 14.45MB 0.6s
#6 sha256:58abdd9670ca8c69d03432ce188995dee67f0979357caf83866fe1ef2ec37138 4.19MB / 14.45MB 0.8s
#6 sha256:58abdd9670ca8c69d03432ce188995dee67f0979357caf83866fe1ef2ec37138 5.24MB / 14.45MB 0.9s
#6 sha256:41e7217c2e506d048f89ca0c5cfef848c05ef990900627c19f99938c4aae57f8 1.29MB / 1.29MB 0.8s done
#6 sha256:58abdd9670ca8c69d03432ce188995dee67f0979357caf83866fe1ef2ec37138 7.34MB / 14.45MB 1.1s
#6 sha256:58abdd9670ca8c69d03432ce188995dee67f0979357caf83866fe1ef2ec37138 8.39MB / 14.45MB 1.2s
#6 sha256:58abdd9670ca8c69d03432ce188995dee67f0979357caf83866fe1ef2ec37138 9.44MB / 14.45MB 1.4s
#6 sha256:6b37362b3da78869050b894b799ad4df04f1f3b52774087db0d81151570244c8 2.10MB / 29.83MB 1.2s
#6 sha256:58abdd9670ca8c69d03432ce188995dee67f0979357caf83866fe1ef2ec37138 11.53MB / 14.45MB 1.5s
#6 sha256:58abdd9670ca8c69d03432ce188995dee67f0979357caf83866fe1ef2ec37138 12.58MB / 14.45MB 1.7s
#6 sha256:58abdd9670ca8c69d03432ce188995dee67f0979357caf83866fe1ef2ec37138 13.63MB / 14.45MB 1.8s
#6 sha256:58abdd9670ca8c69d03432ce188995dee67f0979357caf83866fe1ef2ec37138 14.45MB / 14.45MB 1.9s done
#6 sha256:6b37362b3da78869050b894b799ad4df04f1f3b52774087db0d81151570244c8 4.19MB / 29.83MB 2.0s
#6 sha256:6b37362b3da78869050b894b799ad4df04f1f3b52774087db0d81151570244c8 6.29MB / 29.83MB 2.3s
#6 sha256:6b37362b3da78869050b894b799ad4df04f1f3b52774087db0d81151570244c8 8.39MB / 29.83MB 2.4s
#6 sha256:6b37362b3da78869050b894b799ad4df04f1f3b52774087db0d81151570244c8 11.53MB / 29.83MB 2.7s
#6 sha256:6b37362b3da78869050b894b799ad4df04f1f3b52774087db0d81151570244c8 14.68MB / 29.83MB 3.0s
#6 sha256:6b37362b3da78869050b894b799ad4df04f1f3b52774087db0d81151570244c8 17.83MB / 29.83MB 3.3s
#6 sha256:6b37362b3da78869050b894b799ad4df04f1f3b52774087db0d81151570244c8 19.92MB / 29.83MB 3.5s
#6 sha256:6b37362b3da78869050b894b799ad4df04f1f3b52774087db0d81151570244c8 23.07MB / 29.83MB 3.8s
#6 sha256:6b37362b3da78869050b894b799ad4df04f1f3b52774087db0d81151570244c8 25.17MB / 29.83MB 4.7s
#6 sha256:6b37362b3da78869050b894b799ad4df04f1f3b52774087db0d81151570244c8 27.26MB / 29.83MB 5.3s
#6 sha256:6b37362b3da78869050b894b799ad4df04f1f3b52774087db0d81151570244c8 29.36MB / 29.83MB 6.2s
#6 sha256:6b37362b3da78869050b894b799ad4df04f1f3b52774087db0d81151570244c8 29.83MB / 29.83MB 6.4s done
#6 extracting sha256:6b37362b3da78869050b894b799ad4df04f1f3b52774087db0d81151570244c8
#6 extracting sha256:6b37362b3da78869050b894b799ad4df04f1f3b52774087db0d81151570244c8 0.8s done
#6 DONE 7.3s

#6 [1/3] FROM docker.io/library/python:3.11-slim@sha256:e41613d42d4891e4930f79523f93f81bbc7632584ec65e36ab055f41a800b41e
#6 extracting sha256:41e7217c2e506d048f89ca0c5cfef848c05ef990900627c19f99938c4aae57f8 0.1s done
#6 DONE 7.4s

#6 [1/3] FROM docker.io/library/python:3.11-slim@sha256:e41613d42d4891e4930f79523f93f81bbc7632584ec65e36ab055f41a800b41e
#6 extracting sha256:58abdd9670ca8c69d03432ce188995dee67f0979357caf83866fe1ef2ec37138
#6 extracting sha256:58abdd9670ca8c69d03432ce188995dee67f0979357caf83866fe1ef2ec37138 0.5s done
#6 DONE 7.9s

#6 [1/3] FROM docker.io/library/python:3.11-slim@sha256:e41613d42d4891e4930f79523f93f81bbc7632584ec65e36ab055f41a800b41e
#6 extracting sha256:0526d5e29bf341cb1941d46a6d4ab64fcde4fca3dc3adccfb4dbf5728b88b61e 0.0s done
#6 DONE 8.0s

#7 [2/3] WORKDIR /app
#7 DONE 0.3s

#8 [3/3] COPY src /app/src
#8 DONE 0.0s

#9 exporting to image
#9 exporting layers 0.1s done
#9 exporting manifest sha256:eafb0723ff4637cce451c20e349e7060ec91adedd4da4de6b2f2a36106cbf943 0.0s done
#9 exporting config sha256:0ecc4877a46a925cd7720984d1219c264701d93b4c5c8fef7a74a9c2ea57af06 0.0s done
#9 exporting attestation manifest sha256:ba3bc3eb53668190e46d3e29bff1abcd5491445e21386d35fbb458d2a53deb4c 0.0s done
#9 exporting manifest list sha256:66ec5239a948bc56c6e77c4e95de269c223b37424a3e6547b73c60fabe882e52 0.0s done
#9 naming to docker.io/library/factory-check-stage-1:latest
#9 naming to docker.io/library/factory-check-stage-1:latest done
#9 unpacking to docker.io/library/factory-check-stage-1:latest 0.0s done
#9 DONE 0.3s
== run
== probe (up to 30s)
health answered: {"status":"ok"}
== outbound network check (must fail)
ok: no outbound network
== container logs
PASS
